bash gen_version.sh > version.h 
arm-linux-gnueabihf-g++ --sysroot=/mnt/CYBRAN/raspi1 -Wall -isystem/include  -pipe -mfloat-abi=hard -mcpu=cortex-a7 -fomit-frame-pointer -mabi=aapcs-linux -mtune=arm1176jzf-s -mfpu=vfp -Wno-psabi -mno-apcs-stack-check -O3 -mstructure-size-boundary=32 -mno-sched-prolog -std=c++0x -D__STDC_CONSTANT_MACROS -D__STDC_LIMIT_MACROS -DTARGET_POSIX -DTARGET_LINUX -fPIC -DPIC -D_REENTRANT -D_LARGEFILE64_SOURCE -D_FILE_OFFSET_BITS=64 -DHAVE_CMAKE_CONFIG -D__VIDEOCORE4__ -U_FORTIFY_SOURCE -Wall -DHAVE_OMXLIB -DUSE_EXTERNAL_FFMPEG  -DHAVE_LIBAVCODEC_AVCODEC_H -DHAVE_LIBAVUTIL_OPT_H -DHAVE_LIBAVUTIL_MEM_H -DHAVE_LIBAVUTIL_AVUTIL_H -DHAVE_LIBAVFORMAT_AVFORMAT_H -DHAVE_LIBAVFILTER_AVFILTER_H -DHAVE_LIBSWRESAMPLE_SWRESAMPLE_H -DOMX -DOMX_SKIP64BIT -ftree-vectorize -DUSE_EXTERNAL_OMX -DTARGET_RASPBERRY_PI -DUSE_EXTERNAL_LIBBCM_HOST -marm -isystem/mnt/CYBRAN/raspi1/usr/include -isystem/mnt/CYBRAN/raspi1/usr/include/arm-linux-gnueabihf -isystem/mnt/CYBRAN/raspi1/opt/vc/include -isystem/mnt/CYBRAN/raspi1/usr/include -isystem/mnt/CYBRAN/raspi1/opt/vc/include/interface/vcos/pthreads -isystem/mnt/CYBRAN/raspi1/usr/include/freetype2 -isystem/mnt/CYBRAN/raspi1/usr/include/libavcodec -isystem/mnt/CYBRAN/raspi1/opt/vc/include/interface/vmcs_host/linux -isystem/mnt/CYBRAN/raspi1/usr/include/dbus-1.0 -isystem/mnt/CYBRAN/raspi1/usr/lib/arm-linux-gnueabihf/dbus-1.0/include/ -I./ -Ilinux -Iffmpeg_compiled/usr/local/include/ -Iffmpeg/libavutil/ -c OMXSubtitleTagSami.cpp -o OMXSubtitleTagSami.o -Wno-deprecated-declarations
In file included from OMXSubtitleTagSami.cpp:22:0:
OMXSubtitleTagSami.h:25:18: fatal error: string: No such file or directory
 #include <string>
                  ^
compilation terminated.
make: *** [OMXSubtitleTagSami.o] Error 1
